             VMA              LMA     Size Align Out     In      Symbol
             2a8              2a8        8     1 .interp
             2a8              2a8        8     1         <internal>:(.interp)
             2b0              2b0       18     4 .note.gnu.build-id
             2b0              2b0       18     4         <internal>:(.note.gnu.build-id)
             2c8              2c8     12f0     8 .dynsym
             2c8              2c8     12f0     8         <internal>:(.dynsym)
            15b8             15b8       1c     8 .gnu.hash
            15b8             15b8       1c     8         <internal>:(.gnu.hash)
            15d8             15d8      1e0     8 .dynamic
            15d8             15d8      1e0     8         <internal>:(.dynamic)
            17b8             17b8     143c     1 .dynstr
            17b8             17b8     143c     1         <internal>:(.dynstr)
            2bf8             2bf8      540     8 .rela.dyn
            2bf8             2bf8      540     8         <internal>:(.rela.dyn)
            3138             3138      150     8 .relr.dyn
            3138             3138      150     8         <internal>:(.relr.dyn)
            3288             3288     10f8     8 .rela.plt
            3288             3288     10f8     8         <internal>:(.rela.plt)
            4380             4380     b88b    16 .rodata
            4380             4380       14     1         obj/zircon/system/uapp/blobfs/blobfs.main.cc.o:(.rodata.main)
            4380             4380        0     1                 $d.1
            4394             4394     8a18     1         <internal>:(.rodata)
            cdb0             cdb0       a8     8         <internal>:(.rodata)
            ce58             ce58        c     4         obj/out/default/fidling/gen/sdk/fidl/fuchsia.hardware.block/fuchsia.hardware.block_tables.fuchsia.hardware.block.fidl.tables.c.o:(.rodata.HandlefifonullableTable)
            ce58             ce58        0     1                 $d.45
            ce58             ce58        c     1                 HandlefifonullableTable
            ce64             ce64        c     4         obj/out/default/fidling/gen/sdk/fidl/fuchsia.hardware.block/fuchsia.hardware.block_tables.fuchsia.hardware.block.fidl.tables.c.o:(.rodata.HandlevmononnullableTable)
            ce64             ce64        0     1                 $d.46
            ce64             ce64        c     1                 HandlevmononnullableTable
            ce70             ce70        c     4         obj/out/default/fidling/gen/sdk/fidl/fuchsia.security.resource/fuchsia.security.resource_tables.fuchsia.security.resource.fidl.tables.c.o:(.rodata.HandleresourcenonnullableTable)
            ce70             ce70        0     1                 $d.5
            ce70             ce70        c     1                 HandleresourcenonnullableTable
            ce7c             ce7c        a     1         obj/out/default/fidling/gen/sdk/fidl/fuchsia.io/fuchsia/io/llcpp/fuchsia.io_llcpp.fidl.cc.o:(.rodata._ZN5llcpp7fuchsia2io8NodeInfo9reset_ptrEON4fidl12tracking_ptrIvEE)
            ce7c             ce7c        0     1                 $d.1175
            ce86             ce86       2b     1         obj/out/default/fidling/gen/sdk/fidl/fuchsia.io/fuchsia/io/llcpp/fuchsia.io_llcpp.fidl.cc.o:(.rodata._ZN4fidlL17kErrorWriteFailedE)
            ce86             ce86        0     1                 $d.1404
            ce86             ce86       2b     1                 fidl::kErrorWriteFailed
            ceb4             ceb4        c     4         obj/out/default/fidling/gen/sdk/fidl/fuchsia.io/fuchsia.io_tables.fuchsia.io.fidl.tables.c.o:(.rodata.Request15fuchsia_io_NodenonnullableTable)
            ceb4             ceb4        0     1                 $d.251
            ceb4             ceb4        c     1                 Request15fuchsia_io_NodenonnullableTable
            cec0             cec0        8     4         obj/out/default/fidling/gen/sdk/fidl/fuchsia.io/fuchsia.io_tables.fuchsia.io.fidl.tables.c.o:(.rodata.String4096nonnullableTable)
            cec0             cec0        0     1                 $d.253
            cec0             cec0        8     1                 String4096nonnullableTable
            d030             d030      100    16         <internal>:(.rodata)
            d130             d130        c     4         obj/out/default/fidling/gen/sdk/fidl/fuchsia.fs/fuchsia.fs_tables.fuchsia.fs.fidl.tables.c.o:(.rodata.HandleeventnonnullableTable)
            d130             d130        0     1                 $d.22
            d130             d130        c     1                 HandleeventnonnullableTable
            d13c             d13c        8     4         obj/out/default/fidling/gen/sdk/fidl/fuchsia.fs/fuchsia.fs_tables.fuchsia.fs.fidl.tables.c.o:(.rodata.String32nonnullableTable)
            d13c             d13c        0     1                 $d.23
            d13c             d13c        8     1                 String32nonnullableTable
            fb38             fb38       9c     4         obj/zircon/public/lib/lz4/liblz4.a(liblz4.lz4hc.c.o):(.rodata.LZ4HC_compress_generic_internal.clTable)
            fb38             fb38        0     1                 $d.39
            fb38             fb38       9c     1                 LZ4HC_compress_generic_internal.clTable
            fbd4             fbd4       10     1         obj/zircon/public/lib/lz4/liblz4.a(liblz4.xxhash.c.o):(.rodata.XXH32_finalize)
            fbd4             fbd4        0     1                 $d.22
            fbe4             fbe4       27     1         obj/zircon/system/ulib/trace-provider/libtrace-provider-with-fdio.a(libtrace-provider-with-fdio.fdio_connect.cc.o):(.rodata._ZL12kServicePath)
            fbe4             fbe4        0     1                 $d.1
            fbe4             fbe4       27     1                 kServicePath
            fc0c             fc0c     361c     4 .eh_frame_hdr
            fc0c             fc0c     361c     4         <internal>:(.eh_frame_hdr)
           13228            13228     d63c     8 .eh_frame
           13228            13228       14     1         /usr/local/google/home/yifeit/vg/out/default.zircon/user-arm64-clang.shlib/obj/system/ulib/c/crt1.Scrt1.cc.o:(.eh_frame+0x0)
           13260            13260       54     1         obj/zircon/system/uapp/blobfs/blobfs.main.cc.o:(.eh_frame+0x14)
           13320            13320       2c     1         obj/out/default/fidling/gen/sdk/fidl/fuchsia.security.resource/fuchsia/security/resource/llcpp/fuchsia.security.resource_llcpp.fidl.cc.o:(.eh_frame+0x34)
           207d8            207d8       1c     1         obj/zircon/system/ulib/trace-provider/libtrace-provider-with-fdio.a(libtrace-provider-with-fdio.utils.cc.o):(.eh_frame+0x14)
           20818            20818       14     1         ../../out/default.zircon/user-arm64-clang.shlib/obj/system/ulib/sync/libsync.a(sync._sources.completion.c.o):(.eh_frame+0x54)
           20848            20848       14     1         ../../prebuilt/third_party/clang/linux-x64/lib/clang/11.0.0/lib/aarch64-unknown-fuchsia/libclang_rt.builtins.a(udivmodti4.c.obj):(.eh_frame+0x14)
           21000            21000    e84f0     8 .text
           21000            21000       14     8         /usr/local/google/home/yifeit/vg/out/default.zircon/user-arm64-clang.shlib/obj/system/ulib/c/crt1.Scrt1.cc.o:(.text._start)
           21000            21000        0     1                 $x.0
           21000            21000       14     1                 _start
           21014            21014      494     4         obj/zircon/system/uapp/blobfs/blobfs.main.cc.o:(.text.main)
           21014            21014        0     1                 $x.0
           21014            21014      494     1                 main
           3a04c            3a04c        8     4         obj/zircon/system/ulib/blobfs/libblobfs.a(libblobfs.blobfs.cc.o):(.text._ZThn8_N6blobfs18TransactionManagerD1Ev)
           3a04c            3a04c        0     1                 $x.83
           3a04c            3a04c        8     1                 non-virtual thunk to blobfs::TransactionManager::~TransactionManager()
          108120           108120       dc     4         obj/zircon/system/ulib/trace-provider/libtrace-provider-with-fdio.a(libtrace-provider-with-fdio.session.cc.o):(.text._ZN5trace8internal7SessionD2Ev)
          108120           108120        0     1                 $x.1
          108120           108120       dc     1                 trace::internal::Session::~Session()
               0                0   d41f13     1 .debug_loc
               0                0       39     1         /usr/local/google/home/yifeit/vg/out/default.zircon/user-arm64-clang.shlib/obj/system/ulib/c/crt1.Scrt1.cc.o:(.debug_loc)
               0                0        0     1                 $d.1         108120           108120       dc     1                 trace::internal::Session::~Session()
          d411ac           d411ac      458     1         ../../out/default.zircon/user-arm64-clang.shlib/obj/system/ulib/sync/libsync.a(sync._sources.completion.c.o):(.debug_loc)
          d411ac           d411ac        0     1                 $d.6
          d41604           d41604       50     1         ../../prebuilt/third_party/clang/linux-x64/lib/clang/11.0.0/lib/aarch64-unknown-fuchsia/libclang_rt.builtins.a(udivti3.c.obj):(.debug_loc)
          d41604           d41604        0     1                 $d.1
          d41654           d41654      8bf     1         ../../prebuilt/third_party/clang/linux-x64/lib/clang/11.0.0/lib/aarch64-unknown-fuchsia/libclang_rt.builtins.a(udivmodti4.c.obj):(.debug_loc)
          d41654           d41654        0     1                 $d.1
               0                0    52a34     1 .debug_abbrev
               0                0       6d     1         /usr/local/google/home/yifeit/vg/out/default.zircon/user-arm64-clang.shlib/obj/system/ulib/c/crt1.Scrt1.cc.o:(.debug_abbrev)
               0                0        0     1                 $d.2
             7fa              7fa      93f     1         obj/out/default/fidling/gen/sdk/fidl/fuchsia.security.resource/fuchsia/security/resource/llcpp/fuchsia.security.resource_llcpp.fidl.cc.o:(.debug_abbrev)
             7fa              7fa        0     1                 $d.40
          3323a0           3323a0       30     1         ../../prebuilt/third_party/clang/linux-x64/lib/clang/11.0.0/lib/aarch64-unknown-fuchsia/libclang_rt.builtins.a(udivmodti4.c.obj):(.debug_ranges)
          3323a0           3323a0        0     1                 $d.4
               0                0    2ed88     8 .symtab
               0                0    2ed88     8         <internal>:(.symtab)
               0                0      127     1 .shstrtab
               0                0      127     1         <internal>:(.shstrtab)
               0                0    3b51c     1 .strtab
               0                0    3b51c     1         <internal>:(.strtab)
