             VMA              LMA     Size Align Out     In      Symbol
             2e0              2e0        8     1 .interp
             2e0              2e0        8     1         <internal>:(.interp)
             2e8              2e8       18     4 .note.gnu.build-id
             2e8              2e8       18     4         <internal>:(.note.gnu.build-id)
             300              300      ac8     8 .dynsym
             300              300      ac8     8         <internal>:(.dynsym)
             dc8              dc8       1c     8 .gnu.hash
             dc8              dc8       1c     8         <internal>:(.gnu.hash)
             de8              de8      170     8 .dynamic
             de8              de8      170     8         <internal>:(.dynamic)
             f58              f58      821     1 .dynstr
             f58              f58      821     1         <internal>:(.dynstr)
            1780             1780       48     8 .rela.dyn
            1780             1780       48     8         <internal>:(.rela.dyn)
            17c8             17c8      5b8     8 .relr.dyn
            17c8             17c8      5b8     8         <internal>:(.relr.dyn)
            1d80             1d80      a80     8 .rela.plt
            1d80             1d80      a80     8         <internal>:(.rela.plt)
            2800             2800    38445    16 .rodata
            2800             2800       27     1         ./exe.unstripped/component_manager.alloc-54127f36ba192482.alloc.4k1iwrm2-cgu.0.rcgu.o.rcgu.o:(.rodata..Lanon.745d157954bc19b57d1f47812cead630.3)
            2800             2800        0     1                 $d.27
            2828             2828        0     8         ./exe.unstripped/component_manager.alloc-54127f36ba192482.alloc.4k1iwrm2-cgu.0.rcgu.o.rcgu.o:(.rodata..Lanon.745d157954bc19b57d1f47812cead630.5)
            2828             2828       33     1         ./exe.unstripped/component_manager.alloc-54127f36ba192482.alloc.4k1iwrm2-cgu.0.rcgu.o.rcgu.o:(.rodata..Lanon.745d157954bc19b57d1f47812cead630.13)
            2828             2828        0     1                 $d.30
            2885             2885       11     1         ./exe.unstripped/component_manager.alloc-54127f36ba192482.alloc.4k1iwrm2-cgu.0.rcgu.o.rcgu.o:(.rodata.anon.745d157954bc19b57d1f47812cead630.19.llvm.1460520995096272372)
            2885             2885        0     1                 $d.34
            2885             2885       11     1                 anon.745d157954bc19b57d1f47812cead630.19.llvm.1460520995096272372
            2896             2896        3     1         ./exe.unstripped/component_manager.alloc-54127f36ba192482.alloc.4k1iwrm2-cgu.0.rcgu.o.rcgu.o:(.rodata..Lanon.745d157954bc19b57d1f47812cead630.23)
            2896             2896        0     1                 $d.36
            2899             2899       16     1         ./exe.unstripped/component_manager.alloc-54127f36ba192482.alloc.4k1iwrm2-cgu.0.rcgu.o.rcgu.o:(.rodata..Lanon.745d157954bc19b57d1f47812cead630.26)
            2899             2899        0     1                 $d.37
            292a             292a        d     1         ./exe.unstripped/component_manager.alloc-54127f36ba192482.alloc.4k1iwrm2-cgu.0.rcgu.o.rcgu.o:(.rodata.anon.745d157954bc19b57d1f47812cead630.56.llvm.1460520995096272372)
            292a             292a        0     1                 $d.57
            292a             292a        d     1                 anon.745d157954bc19b57d1f47812cead630.56.llvm.1460520995096272372
            2937             2937        5     1         ./exe.unstripped/component_manager.alloc-54127f36ba192482.alloc.4k1iwrm2-cgu.0.rcgu.o.rcgu.o:(.rodata.anon.745d157954bc19b57d1f47812cead630.57.llvm.1460520995096272372)
            2937             2937        0     1                 $d.58
            2937             2937        5     1                 anon.745d157954bc19b57d1f47812cead630.57.llvm.1460520995096272372
            293c             293c        5     1         ./exe.unstripped/component_manager.alloc-54127f36ba192482.alloc.4k1iwrm2-cgu.0.rcgu.o.rcgu.o:(.rodata.anon.745d157954bc19b57d1f47812cead630.59.llvm.1460520995096272372)
            293c             293c        0     1                 $d.60
            293c             293c        5     1                 anon.745d157954bc19b57d1f47812cead630.59.llvm.1460520995096272372
            2950             2950      a90    16         <internal>:(.rodata)
            33e0             33e0       29     1         ./exe.unstripped/component_manager.backtrace-5619ad41e613872b.backtrace.e1f4vorm-cgu.0.rcgu.o.rcgu.o:(.rodata..Lanon.256afffd819e3254289014381fd650e5.2)
            33e0             33e0        0     1                 $d.20
            346d             346d        0     1         ./exe.unstripped/component_manager.backtrace-5619ad41e613872b.backtrace.e1f4vorm-cgu.0.rcgu.o.rcgu.o:(.rodata..Lanon.256afffd819e3254289014381fd650e5.14)
            3470             3470       38     8         ./exe.unstripped/component_manager.backtrace-5619ad41e613872b.backtrace.e1f4vorm-cgu.0.rcgu.o.rcgu.o:(.rodata..Lanon.256afffd819e3254289014381fd650e5.16)
            3470             3470        0     1                 $d.25
            34a8             34a8     1b08     4         <internal>:(.rodata)
            4fb0             4fb0        3     1         ./exe.unstripped/component_manager.backtrace-5619ad41e613872b.backtrace.e1f4vorm-cgu.0.rcgu.o.rcgu.o:(.rodata..Lanon.256afffd819e3254289014381fd650e5.18)
            4fb0             4fb0        0     1                 $d.27
            5070             5070     2780     8         <internal>:(.rodata)
            77f0             77f0        6     1         ./exe.unstripped/component_manager.backtrace-5619ad41e613872b.backtrace.e1f4vorm-cgu.0.rcgu.o.rcgu.o:(.rodata..Lanon.256afffd819e3254289014381fd650e5.26)
            77f0             77f0        0     1                 $d.34
            77f8             77f8      118     8         ./exe.unstripped/component_manager.backtrace-5619ad41e613872b.backtrace.e1f4vorm-cgu.0.rcgu.o.rcgu.o:(.rodata..Lanon.256afffd819e3254289014381fd650e5.28)
            77f8             77f8        0     1                 $d.36
            7910             7910        c     1         ./exe.unstripped/component_manager.backtrace-5619ad41e613872b.backtrace.e1f4vorm-cgu.0.rcgu.o.rcgu.o:(.rodata.anon.256afffd819e3254289014381fd650e5.29.llvm.13894642946385378479)
            7910             7910        0     1                 $d.37
            7910             7910        c     1                 anon.256afffd819e3254289014381fd650e5.29.llvm.13894642946385378479
            791c             791c        6     1         ./exe.unstripped/component_manager.backtrace-5619ad41e613872b.backtrace.e1f4vorm-cgu.0.rcgu.o.rcgu.o:(.rodata.anon.256afffd819e3254289014381fd650e5.30.llvm.13894642946385378479)
            791c             791c        0     1                 $d.38
            791c             791c        6     1                 anon.256afffd819e3254289014381fd650e5.30.llvm.13894642946385378479
            7922             7922       10     1         ./exe.unstripped/component_manager.component_manager.7rcbfp3g-cgu.0.rcgu.o:(.rodata._RINvNtCs6QHBvYLDz7W_4core3ptr13drop_in_placeNtCsbDqzXfLQacH_15fidl_fuchsia_io11FileRequestECs4fqI2P2rA04_17component_manager)
            7922             7922        0     1                 $d.13
            7950             7950       b1     2         ./exe.unstripped/component_manager.component_manager.7rcbfp3g-cgu.0.rcgu.o:(.rodata._RNvXsc_NtCsbDqzXfLQacH_17fuchsia_component6serverINtB5_9ServiceFsINtNtB5_7service10ServiceObjuEENtNtCseXumDWplyBO_12futures_core6stream6Stream9poll_nextCs4fqI2P2rA04_17component_manager)
            7950             7950        0     1                 $d.44
            7a08             7a08      380     8         <internal>:(.rodata)
            7d88             7d88       2b     1         ./exe.unstripped/component_manager.component_manager.7rcbfp3g-cgu.0.rcgu.o:(.rodata..Lanon.dda71605b8fec89c031783be146b7025.1)
            7d88             7d88        0     1                 $d.101
            8cf1             8cf1       4e     1         ./exe.unstripped/component_manager.component_manager.7rcbfp3g-cgu.7.rcgu.o:(.rodata..Lanon.8db4583f006f833985ea18d2ab89bab7.1)
            8cf1             8cf1        0     1                 $d.47
            8d3f             8d3f       1f     1         ./exe.unstripped/component_manager.component_manager.7rcbfp3g-cgu.7.rcgu.o:(.rodata.anon.8db4583f006f833985ea18d2ab89bab7.4.llvm.7664684806704912226)
            8d3f             8d3f        0     1                 $d.50
            8d3f             8d3f       1f     1                 anon.8db4583f006f833985ea18d2ab89bab7.4.llvm.7664684806704912226
            8d5e             8d5e       25     1         ./exe.unstripped/component_manager.component_manager.7rcbfp3g-cgu.8.rcgu.o:(.rodata..Lanon.a1c52c190a58d1713a23e7a7bdb0f9c0.2)
            8d5e             8d5e        0     1                 $d.17
            8d83             8d83        7     1         ./exe.unstripped/component_manager.component_manager.7rcbfp3g-cgu.9.rcgu.o:(.rodata._RINvNtCs6QHBvYLDz7W_4core3ptr13drop_in_placeINtNvNtB4_6future14from_generator9GenFutureNCNvMNtNtNtCsbDqzXfLQacH_21component_manager_lib5model6events6sourceNtB1s_11EventSource3new0EECs4fqI2P2rA04_17component_manager)
            8d83             8d83        0     1                 $d.56
            8d8a             8d8a        8     1         ./exe.unstripped/component_manager.component_manager.7rcbfp3g-cgu.9.rcgu.o:(.rodata._RINvNtCs6QHBvYLDz7W_4core3ptr13drop_in_placeINtNvNtB4_6future14from_generator9GenFutureNCNvMs2_NtNtCsbDqzXfLQacH_21component_manager_lib5model5realmNtB1v_5Realm19lock_resolved_state0EECs4fqI2P2rA04_17component_manager)
            8d8a             8d8a        0     1                 $d.59
            8d92             8d92       16     1         ./exe.unstripped/component_manager.component_manager.7rcbfp3g-cgu.9.rcgu.o:(.rodata._RINvNtCs6QHBvYLDz7W_4core3ptr13drop_in_placeINtNvNtB4_6future14from_generator9GenFutureNCNvMs_NtCsbDqzXfLQacH_21component_manager_lib19builtin_environmentNtB1u_18BuiltinEnvironment3new0EECs4fqI2P2rA04_17component_manager)
            8d92             8d92        0     1                 $d.64
            8da8             8da8        4     1         ./exe.unstripped/component_manager.component_manager.7rcbfp3g-cgu.9.rcgu.o:(.rodata._RINvNtCs6QHBvYLDz7W_4core3ptr13drop_in_placeNtCsbDqzXfLQacH_7cm_rust10ExposeDeclECs4fqI2P2rA04_17component_manager)
            8da8             8da8        0     1                 $d.74
            8dac             8dac        6     1         ./exe.unstripped/component_manager.component_manager.7rcbfp3g-cgu.9.rcgu.o:(.rodata._RINvNtCs6QHBvYLDz7W_4core3ptr13drop_in_placeNtCsbDqzXfLQacH_7cm_rust7UseDeclECs4fqI2P2rA04_17component_manager)
            8dac             8dac        0     1                 $d.81
            91e3             91e3        4     1         ./exe.unstripped/component_manager.core-6a4b1e7af979d229.core.3ocx6h1n-cgu.0.rcgu.o.rcgu.o:(.rodata._ZN4core3fmt9Formatter3pad17h9c055cdb18c92cc1E)
            91e3             91e3        0     1                 $d.54
            91e7             91e7        4     1         ./exe.unstripped/component_manager.core-6a4b1e7af979d229.core.3ocx6h1n-cgu.0.rcgu.o.rcgu.o:(.rodata._ZN4core3fmt9Formatter19pad_formatted_parts17heb4f002989281314E)
            91e7             91e7        0     1                 $d.56
            9214             9214       29     1         ./exe.unstripped/component_manager.core-6a4b1e7af979d229.core.3ocx6h1n-cgu.0.rcgu.o.rcgu.o:(.rodata._ZN41_$LT$char$u20$as$u20$core..fmt..Debug$GT$3fmt17hb14158a7386f6b1aE)
            9214             9214        0     1                 $d.73
            925c             925c       6f     1         ./exe.unstripped/component_manager.core-6a4b1e7af979d229.core.3ocx6h1n-cgu.0.rcgu.o.rcgu.o:(.rodata._ZN61_$LT$core..str..EscapeDebug$u20$as$u20$core..fmt..Display$GT$3fmt17hf1238c3db5de3de5E)
            925c             925c        0     1                 $d.130
            92d0             92d0        0     8         ./exe.unstripped/component_manager.core-6a4b1e7af979d229.core.3ocx6h1n-cgu.0.rcgu.o.rcgu.o:(.rodata.anon.6741f024a682c8cb8e59ecab4fc7e9ed.12.llvm.9325873315546439775)
            92d0             92d0        0     1                 anon.6741f024a682c8cb8e59ecab4fc7e9ed.12.llvm.9325873315546439775
            92d0             92d0        1     1         ./exe.unstripped/component_manager.core-6a4b1e7af979d229.core.3ocx6h1n-cgu.0.rcgu.o.rcgu.o:(.rodata..Lanon.6741f024a682c8cb8e59ecab4fc7e9ed.14)
            92d0             92d0        0     1                 $d.133
            92d1             92d1       1d     1         ./exe.unstripped/component_manager.core-6a4b1e7af979d229.core.3ocx6h1n-cgu.0.rcgu.o.rcgu.o:(.rodata..Lanon.6741f024a682c8cb8e59ecab4fc7e9ed.27)
            92d1             92d1        0     1                 $d.134
            9344             9344       28     4         ./exe.unstripped/component_manager.core-6a4b1e7af979d229.core.3ocx6h1n-cgu.0.rcgu.o.rcgu.o:(.rodata._ZN4core3num7flt2dec8strategy6dragon5POW1017he881f1848ad745b6E)
            9344             9344        0     1                 $d.142
            9344             9344       28     1                 core::num::flt2dec::strategy::dragon::POW10::he881f1848ad745b6
            936c             936c       28     4         ./exe.unstripped/component_manager.core-6a4b1e7af979d229.core.3ocx6h1n-cgu.0.rcgu.o.rcgu.o:(.rodata._ZN4core3num7flt2dec8strategy6dragon8TWOPOW1017h8ee033ba72605fdeE)
            936c             936c        0     1                 $d.143
            936c             936c       28     1                 core::num::flt2dec::strategy::dragon::TWOPOW10::h8ee033ba72605fde
            9394             9394        8     4         ./exe.unstripped/component_manager.core-6a4b1e7af979d229.core.3ocx6h1n-cgu.0.rcgu.o.rcgu.o:(.rodata._ZN4core3num7flt2dec8strategy6dragon9POW10TO1617hd008c9b35d67c443E)
            9394             9394        0     1                 $d.144
            9394             9394        8     1                 core::num::flt2dec::strategy::dragon::POW10TO16::hd008c9b35d67c443
            939c             939c       10     4         ./exe.unstripped/component_manager.core-6a4b1e7af979d229.core.3ocx6h1n-cgu.0.rcgu.o.rcgu.o:(.rodata._ZN4core3num7flt2dec8strategy6dragon9POW10TO3217h94bb3ddee75ca692E)
            939c             939c        0     1                 $d.145
            939c             939c       10     1                 core::num::flt2dec::strategy::dragon::POW10TO32::h94bb3ddee75ca692
            93ac             93ac       1c     4         ./exe.unstripped/component_manager.core-6a4b1e7af979d229.core.3ocx6h1n-cgu.0.rcgu.o.rcgu.o:(.rodata._ZN4core3num7flt2dec8strategy6dragon9POW10TO6417h2607b29da45ca92bE)
            93ac             93ac        0     1                 $d.146
            93ac             93ac       1c     1                 core::num::flt2dec::strategy::dragon::POW10TO64::h2607b29da45ca92b
            ebf8             ebf8       28     1         ./exe.unstripped/component_manager.libcomponent_manager_lib.component_manager_lib.3a1fbbbh-cgu.2.rcgu.o.rcgu.o:(.rodata..Lanon.31de557278eced41e2a6dce0e33ed7ec.9)
            ebf8             ebf8        0     1                 $d.392
            ec20             ec20       1c     1         ./exe.unstripped/component_manager.libcomponent_manager_lib.component_manager_lib.3a1fbbbh-cgu.2.rcgu.o.rcgu.o:(.rodata..Lanon.31de557278eced41e2a6dce0e33ed7ec.15)
            ec20             ec20        0     1                 $d.393
            ec92             ec92       2e     1                 anon.31de557278eced41e2a6dce0e33ed7ec.20.llvm.11955293494338827311
            ecc0             ecc0       13     1         ./exe.unstripped/component_manager.libcomponent_manager_lib.component_manager_lib.3a1fbbbh-cgu.2.rcgu.o.rcgu.o:(.rodata.anon.31de557278eced41e2a6dce0e33ed7ec.33.llvm.13709288095524858756)
            ecc0             ecc0        0     1                 $d.400
            ecc0             ecc0       13     1                 anon.31de557278eced41e2a6dce0e33ed7ec.33.llvm.13709288095524858756
            ecd3             ecd3       4a     1         ./exe.unstripped/component_manager.libcomponent_manager_lib.component_manager_lib.3a1fbbbh-cgu.2.rcgu.o.rcgu.o:(.rodata..Lanon.31de557278eced41e2a6dce0e33ed7ec.34)
            ecd3             ecd3        0     1                 $d.401
           2e20c            2e20c        c     4         ./exe.unstripped/component_manager.libidna-5c3c4f537fb8313f-5c3c4f537fb8313f.idna.axcknxfw-cgu.15.rcgu.o.rcgu.o:(.rodata..Lanon.93519e6636017643a07f78e678f4f11e.3501)
           2e20c            2e20c        0     1                 $d.656
           2e218            2e218        c     4         ./exe.unstripped/component_manager.libidna-5c3c4f537fb8313f-5c3c4f537fb8313f.idna.axcknxfw-cgu.15.rcgu.o.rcgu.o:(.rodata..Lanon.93519e6636017643a07f78e678f4f11e.3502)
           2e218            2e218        0     1                 $d.657
           2e224            2e224        c     4         ./exe.unstripped/component_manager.libidna-5c3c4f537fb8313f-5c3c4f537fb8313f.idna.axcknxfw-cgu.15.rcgu.o.rcgu.o:(.rodata..Lanon.93519e6636017643a07f78e678f4f11e.3503)
           2e224            2e224        0     1                 $d.658
           2f4ca            2f4ca       1b     1         ./exe.unstripped/component_manager.libio_util.io_util.3a1fbbbh-cgu.3.rcgu.o.rcgu.o:(.rodata.anon.7cbed09a5c2e2961b1298b053de6d71a.14.llvm.4649089991547526960)
           2f4ca            2f4ca        0     1                 $d.33
           2f4ca            2f4ca       1b     1                 anon.7cbed09a5c2e2961b1298b053de6d71a.14.llvm.4649089991547526960
           2f4e5            2f4e5       28     1         ./exe.unstripped/component_manager.libio_util.io_util.3a1fbbbh-cgu.8.rcgu.o.rcgu.o:(.rodata..Lanon.2dc76abe0f971e71acd588990ffc8513.0)
           2f4e5            2f4e5        0     1                 $d.16
           2f50d            2f50d       2b     1         ./exe.unstripped/component_manager.liblibrary_loader.library_loader.3a1fbbbh-cgu.1.rcgu.o.rcgu.o:(.rodata..Lanon.6f9bafb4adb671d7ac9f8408e86ff31a.0)
           2f50d            2f50d        0     1                 $d.8
           3aacc            3aacc      134     2         /tmp/rustcL27BaP/libunwind-e14dabfa3d8ce62b.rlib(libunwind.o):(.rodata._ZN9libunwind17DwarfInstructionsINS_17LocalAddressSpaceENS_15Registers_arm64EE18evaluateExpressionEmRS1_RKS2_m)
           3aacc            3aacc        0     1                 $d.44
           3ac00            3ac00       39     1         /tmp/rustcL27BaP/libunwind-e14dabfa3d8ce62b.rlib(libunwind.o):(.rodata._ZN9libunwind10CFI_ParserINS_17LocalAddressSpaceEE8parseCIEERS1_mPNS2_8CIE_InfoE)
           3ac00            3ac00        0     1                 $d.51
           3ac39            3ac39        c     1         /tmp/rustcL27BaP/libunwind-e14dabfa3d8ce62b.rlib(libunwind.o):(.rodata._ZN9libunwind14EHHeaderParserINS_17LocalAddressSpaceEE17getTableEntrySizeEh)
           3ac39            3ac39        0     1                 $d.53
           3ac45            3ac45       22     1 .debug_gdb_scripts
           3ac45            3ac45       22     1         <internal>:(.debug_gdb_scripts)
           3ac68            3ac68    17624     4 .eh_frame_hdr
           3ac68            3ac68    17624     4         <internal>:(.eh_frame_hdr)
           52290            52290    503ac     8 .eh_frame
           52290            52290       14     1         /usr/local/google/home/yifeit/vg/out/default.zircon/user-arm64-clang.shlib/obj/system/ulib/c/crt1.Scrt1.cc.o:(.eh_frame+0x0)
           522a8            522a8       1c     1         /usr/local/google/home/yifeit/vg/out/default.zircon/user-arm64-clang.shlib/obj/system/ulib/c/crt1.Scrt1.cc.o:(.eh_frame+0x14)
           522c8            522c8       14     1         ./exe.unstripped/component_manager.alloc-54127f36ba192482.alloc.4k1iwrm2-cgu.0.rcgu.o.rcgu.o:(.eh_frame+0x14)
           522e0            522e0       34     1         ./exe.unstripped/component_manager.alloc-54127f36ba192482.alloc.4k1iwrm2-cgu.0.rcgu.o.rcgu.o:(.eh_frame+0x28)
           a2620            a2620       14     1         /tmp/rustcL27BaP/libunwind-e14dabfa3d8ce62b.rlib(libunwind.o):(.eh_frame+0x5ec)
           b2640            b2640   13c78c     8 .text
           b2640            b2640       14     8         /usr/local/google/home/yifeit/vg/out/default.zircon/user-arm64-clang.shlib/obj/system/ulib/c/crt1.Scrt1.cc.o:(.text._start)
           b2640            b2640        0     1                 $x.0
           b2640            b2640       14     1                 _start
           b2654            b2654       1c     4         ./exe.unstripped/component_manager.alloc-54127f36ba192482.alloc.4k1iwrm2-cgu.0.rcgu.o.rcgu.o:(.text._ZN42_$LT$$RF$T$u20$as$u20$core..fmt..Debug$GT$3fmt17h12b31caec1d188c4E)
           b2654            b2654        0     1                 $x.0
           b2654            b2654       1c     1                 _$LT$$RF$T$u20$as$u20$core..fmt..Debug$GT$::fmt::h12b31caec1d188c4
           b2670            b2670       b4     4         ./exe.unstripped/component_manager.alloc-54127f36ba192482.alloc.4k1iwrm2-cgu.0.rcgu.o.rcgu.o:(.text._ZN42_$LT$$RF$T$u20$as$u20$core..fmt..Debug$GT$3fmt17h268a568299531efbE)
           b2670            b2670        0     1                 $x.1
           b2670            b2670       b4     1                 _$LT$$RF$T$u20$as$u20$core..fmt..Debug$GT$::fmt::h268a568299531efb
           cd52c            cd52c       98     4         ./exe.unstripped/component_manager.core-6a4b1e7af979d229.core.3ocx6h1n-cgu.0.rcgu.o.rcgu.o:(.text._ZN4core3num52_$LT$impl$u20$core..str..FromStr$u20$for$u20$u64$GT$8from_str17he51bc12ed2f79990E)
           cd52c            cd52c        0     1                 $x.102
           cd52c            cd52c       98     1                 core::num::_$LT$impl$u20$core..str..FromStr$u20$for$u20$u64$GT$::from_str::he51bc12ed2f79990
           cd52c            cd52c       98     1                 core::num::_$LT$impl$u20$core..str..FromStr$u20$for$u20$usize$GT$::from_str::h4398f35a1c0b4be7
           cd5c4            cd5c4       e4     4         ./exe.unstripped/component_manager.core-6a4b1e7af979d229.core.3ocx6h1n-cgu.0.rcgu.o.rcgu.o:(.text._ZN63_$LT$core..num..TryFromIntError$u20$as$u20$core..fmt..Debug$GT$3fmt17h10047a113409f418E)
           cd5c4            cd5c4        0     1                 $x.103
           cd5c4            cd5c4       e4     1                 _$LT$core..num..TryFromIntError$u20$as$u20$core..fmt..Debug$GT$::fmt::h10047a113409f418
           cd6a8            cd6a8       34     4         ./exe.unstripped/component_manager.core-6a4b1e7af979d229.core.3ocx6h1n-cgu.0.rcgu.o.rcgu.o:(.text._ZN4core3fmt5float52_$LT$impl$u20$core..fmt..Display$u20$for$u20$f64$GT$3fmt17hac033855e28d5eb4E)
           cd6a8            cd6a8        0     1                 $x.104
           cd6a8            cd6a8       34     1                 core::fmt::float::_$LT$impl$u20$core..fmt..Display$u20$for$u20$f64$GT$::fmt::hac033855e28d5eb4
           e2554            e2554       10     4         ./exe.unstripped/component_manager.libcm_fidl_translator.cm_fidl_translator.3a1fbbbh-cgu.0.rcgu.o.rcgu.o:(.text.OUTLINED_FUNCTION_359)
           e2554            e2554        0     1                 $x.752
           e2554            e2554       10     1                 OUTLINED_FUNCTION_359
           e2564            e2564       10     4         ./exe.unstripped/component_manager.libcm_fidl_translator.cm_fidl_translator.3a1fbbbh-cgu.0.rcgu.o.rcgu.o:(.text.OUTLINED_FUNCTION_360)
           e2564            e2564        0     1                 $x.753
           e2564            e2564       10     1                 OUTLINED_FUNCTION_360
           eb888            eb888       40     4         ./exe.unstripped/component_manager.libcm_fidl_translator.cm_fidl_translator.3a1fbbbh-cgu.4.rcgu.o.rcgu.o:(.text._RINvNtNtCs6QHBvYLDz7W_4core4iter8adapters15process_resultsINtB2_3MapINtNtCsiEMmsMe2HZG_5alloc3vec8IntoIterNtNtCsbDqzXfLQacH_7cm_json2cm8ResolverENCNvXs_CsbDqzXfLQacH_18cm_fidl_translatorINtB17_3VecB1G_EINtB2q_6CmIntoIB2Z_NtCsbDqzXfLQacH_17fidl_fuchsia_sys212ResolverDeclEE7cm_into0EB3x_NtB1K_5ErrorNCINvXsx_NtB6_6resultINtB4V_6ResultB3s_B4A_EINtNtNtB4_6traits7collect12FromIteratorIB58_B3x_B4A_EE9from_iterBU_E0B3s_EB2q_)
           eb888            eb888        0     1                 $x.15
           eb888            eb888       40     1                 _RINvNtNtCs6QHBvYLDz7W_4core4iter8adapters15process_resultsINtB2_3MapINtNtCsiEMmsMe2HZG_5alloc3vec8IntoIterNtNtCsbDqzXfLQacH_7cm_json2cm8ResolverENCNvXs_CsbDqzXfLQacH_18cm_fidl_translatorINtB17_3VecB1G_EINtB2q_6CmIntoIB2Z_NtCsbDqzXfLQacH_17fidl_fuchsia_sys212ResolverDeclEE7cm_into0EB3x_NtB1K_5ErrorNCINvXsx_NtB6_6resultINtB4V_6ResultB3s_B4A_EINtNtNtB4_6traits7collect12FromIteratorIB58_B3x_B4A_EE9from_iterBU_E0B3s_EB2q_
          197340           197340       70     4         ./exe.unstripped/component_manager.libfuchsia_async.fuchsia_async.3a1fbbbh-cgu.1.rcgu.o.rcgu.o:(.text._RINvNtCsevZhND7KDbE_9hashbrown3raw16calculate_layoutTjINtNtCsiEMmsMe2HZG_5alloc4sync3ArcDNtNtCsbDqzXfLQacH_13fuchsia_async8executor14PacketReceiverEL_EEEB1t_)
          197340           197340        0     1                 $x.6
          197340           197340       70     1                 _RINvNtCsevZhND7KDbE_9hashbrown3raw16calculate_layoutTjINtNtCsiEMmsMe2HZG_5alloc4sync3ArcDNtNtCsbDqzXfLQacH_13fuchsia_async8executor14PacketReceiverEL_EEEB1t_
          200800           200800       38    32         ./exe.unstripped/component_manager.std-7a72ffd2f3a7a812.std.a0uwjzoe-cgu.0.rcgu.o.rcgu.o:(.tbss._ZN3std10sys_common11thread_info11THREAD_INFO7__getit5__KEY17h836843d10e59cadaE.llvm.8019338592007173243)
            1300             1300       38     1                 std::sys_common::thread_info::THREAD_INFO::__getit::__KEY::h836843d10e59cada (.llvm.8019338592007173243)
          200800           200800        0     1                 $d.517
          200840           200840       18    16         ./exe.unstripped/component_manager.std-7a72ffd2f3a7a812.std.a0uwjzoe-cgu.0.rcgu.o.rcgu.o:(.tbss._ZN3std9panicking18update_panic_count11PANIC_COUNT7__getit5__KEY17h69785e8fa31a63e6E.llvm.8019338592007173243)
            1340             1340       18     1                 std::panicking::update_panic_count::PANIC_COUNT::__getit::__KEY::h69785e8fa31a63e6 (.llvm.8019338592007173243)
          200840           200840        0     1                 $d.557
          1ff610           1ff610    15db8     8 .data.rel.ro
          1ff610           1ff610       30     8         ./exe.unstripped/component_manager.alloc-54127f36ba192482.alloc.4k1iwrm2-cgu.0.rcgu.o.rcgu.o:(.data.rel.ro..Lanon.745d157954bc19b57d1f47812cead630.1)
          1ff610           1ff610        0     1                 $d.25
          1ff640           1ff640       20     8         ./exe.unstripped/component_manager.alloc-54127f36ba192482.alloc.4k1iwrm2-cgu.0.rcgu.o.rcgu.o:(.data.rel.ro..Lanon.745d157954bc19b57d1f47812cead630.2)
          1ff640           1ff640        0     1                 $d.26
          1ff660           1ff660       18     8         ./exe.unstripped/component_manager.alloc-54127f36ba192482.alloc.4k1iwrm2-cgu.0.rcgu.o.rcgu.o:(.data.rel.ro..Lanon.745d157954bc19b57d1f47812cead630.4)
          1ff660           1ff660        0     1                 $d.28
          202a88           202a88       20     8         ./exe.unstripped/component_manager.libcm_fidl_validator.cm_fidl_validator.3a1fbbbh-cgu.0.rcgu.o.rcgu.o:(.data.rel.ro.anon.e57b3f2ae8b5861992cfe341e01c75d6.1.llvm.9882057474999025597)
          202a88           202a88        0     1                 $d.287
          202a88           202a88       20     1                 anon.e57b3f2ae8b5861992cfe341e01c75d6.1.llvm.9882057474999025597
          2110a8           2110a8       18     8         ./exe.unstripped/component_manager.liblibrary_loader.library_loader.3a1fbbbh-cgu.1.rcgu.o.rcgu.o:(.data.rel.ro..Lanon.6f9bafb4adb671d7ac9f8408e86ff31a.3)
          2110a8           2110a8        0     1                 $d.10
          211108           211108       10     8         ./exe.unstripped/component_manager.liblibrary_loader.library_loader.3a1fbbbh-cgu.1.rcgu.o.rcgu.o:(.data.rel.ro.anon.6f9bafb4adb671d7ac9f8408e86ff31a.9.llvm.14732610969729869220)
          211108           211108        0     1                 $d.16
          211108           211108       10     1                 anon.6f9bafb4adb671d7ac9f8408e86ff31a.9.llvm.14732610969729869220
          211118           211118       38     8         ./exe.unstripped/component_manager.liblibrary_loader.library_loader.3a1fbbbh-cgu.1.rcgu.o.rcgu.o:(.data.rel.ro.anon.6f9bafb4adb671d7ac9f8408e86ff31a.12.llvm.14732610969729869220)
          211118           211118        0     1                 $d.19
          211118           211118       38     1                 anon.6f9bafb4adb671d7ac9f8408e86ff31a.12.llvm.14732610969729869220
          211150           211150       20     8         ./exe.unstripped/component_manager.liblibrary_loader.library_loader.3a1fbbbh-cgu.10.rcgu.o.rcgu.o:(.data.rel.ro.anon.54c490f3ebdb496a1657b64fb6de7217.0.llvm.16392173952262690328)
          211150           211150        0     1                 $d.7
          211150           211150       20     1                 anon.54c490f3ebdb496a1657b64fb6de7217.0.llvm.16392173952262690328
          211170           211170       18     8         ./exe.unstripped/component_manager.liblibrary_loader.library_loader.3a1fbbbh-cgu.11.rcgu.o.rcgu.o:(.data.rel.ro..Lanon.39cf32991562f2df00749835baa6fdc6.1)
          211170           211170        0     1                 $d.19
          215018           215018       18     8         ./exe.unstripped/component_manager.std-7a72ffd2f3a7a812.std.a0uwjzoe-cgu.0.rcgu.o.rcgu.o:(.data.rel.ro.anon.d8e73c4ab2af7c41d0ca8802142f134e.759.llvm.8019338592007173243)
          215018           215018        0     1                 $d.556
          215018           215018       18     1                 anon.d8e73c4ab2af7c41d0ca8802142f134e.759.llvm.8019338592007173243
          215030           215030       88     8         /tmp/rustcL27BaP/libunwind-e14dabfa3d8ce62b.rlib(libunwind.o):(.data.rel.ro._ZTVN9libunwind12UnwindCursorINS_17LocalAddressSpaceENS_15Registers_arm64EEE)
          215030           215030        0     1                 $d.58
          215030           215030       88     1                 vtable for libunwind::UnwindCursor<libunwind::LocalAddressSpace, libunwind::Registers_arm64>
          2150b8           2150b8      310     8         /tmp/rustcL27BaP/libunwind-e14dabfa3d8ce62b.rlib(libunwind.o):(.data.rel.ro..Lswitch.table._ZN9libunwind15Registers_arm6415getRegisterNameEi)
          2150b8           2150b8        0     1                 $d.64
          2153c8           2153c8      480     8 .got
          2153c8           2153c8      480     8         <internal>:(.got)
          225848           225848       88     8 .data
          225848           225848       10     8         ./exe.unstripped/component_manager.liblog-51a8548556518bd3-51a8548556518bd3.log.7ncv9mgr-cgu.0.rcgu.o.rcgu.o:(.data._RNvCsi1CgODtnl2B_3log6LOGGER.llvm.13428694738827280366)
          225848           225848        0     1                 $d.13
          225848           225848       10     1                 _RNvCsi1CgODtnl2B_3log6LOGGER.llvm.13428694738827280366
          225858           225858        8     8         ./exe.unstripped/component_manager.std-7a72ffd2f3a7a812.std.a0uwjzoe-cgu.0.rcgu.o.rcgu.o:(.data._ZN3std6thread8ThreadId3new7COUNTER17hb3a413a29c0f81f6E)
          225858           225858        0     1                 $d.306
          225858           225858        8     1                 std::thread::ThreadId::new::COUNTER::hb3a413a29c0f81f6
          225860           225860       38     8         ./exe.unstripped/component_manager.std-7a72ffd2f3a7a812.std.a0uwjzoe-cgu.0.rcgu.o.rcgu.o:(.data._ZN3std2io5stdio6stderr8INSTANCE17hb24941292040ef06E)
          225860           225860        0     1                 $d.363
          225860           225860       38     1                 std::io::stdio::stderr::INSTANCE::hb24941292040ef06
          2258c8           2258c8        8     8         /tmp/rustcL27BaP/libunwind-e14dabfa3d8ce62b.rlib(libunwind.o):(.data._ZN9libunwind13DwarfFDECacheINS_17LocalAddressSpaceEE10_bufferEndE)
          2258c8           2258c8        0     1                 $d.63
          2258c8           2258c8        8     1                 libunwind::DwarfFDECache<libunwind::LocalAddressSpace>::_bufferEnd
          2258d0           2258d0      398     8 .got.plt
          2258d0           2258d0      398     8         <internal>:(.got.plt)
          225c68           225c68      e5d     8 .bss
          225c68           225c68       60     8         ./exe.unstripped/component_manager.libcm_rust.cm_rust.3a1fbbbh-cgu.0.rcgu.o.rcgu.o:(.bss..L_MergedGlobals)
          225c68           225c68        0     1                 $d.378
          225c68           225c68       20     1                 _RNvNvNvXs15_CsbDqzXfLQacH_7cm_rustNtBa_13DATA_TYPENAMENtNtNtCs6QHBvYLDz7W_4core3ops5deref5Deref5deref11___stability4LAZY.llvm.2893117974861896834
          225c88           225c88       20     1                 _RNvNvNvXs17_CsbDqzXfLQacH_7cm_rustNtBa_14CACHE_TYPENAMENtNtNtCs6QHBvYLDz7W_4core3ops5deref5Deref5deref11___stability4LAZY.llvm.2893117974861896834
          225ca8           225ca8       20     1                 _RNvNvNvXs19_CsbDqzXfLQacH_7cm_rustNtBa_13META_TYPENAMENtNtNtCs6QHBvYLDz7W_4core3ops5deref5Deref5deref11___stability4LAZY.llvm.2893117974861896834
          225cc8           225cc8       38     8         ./exe.unstripped/component_manager.libcomponent_manager_lib.component_manager_lib.3a1fbbbh-cgu.12.rcgu.o.rcgu.o:(.bss._RNvNvNvXs0_NtNtNtCsbDqzXfLQacH_21component_manager_lib5model6events14source_factoryNtB9_25EVENT_SOURCE_SERVICE_PATHNtNtNtCs6QHBvYLDz7W_4core3ops5deref5Deref5deref11___stability4LAZY.llvm.16599889146946869799)
          225cc8           225cc8        0     1                 $d.347
          225cc8           225cc8       38     1                 _RNvNvNvXs0_NtNtNtCsbDqzXfLQacH_21component_manager_lib5model6events14source_factoryNtB9_25EVENT_SOURCE_SERVICE_PATHNtNtNtCs6QHBvYLDz7W_4core3ops5deref5Deref5deref11___stability4LAZY.llvm.16599889146946869799
          225d00           225d00       38     8         ./exe.unstripped/component_manager.libcomponent_manager_lib.component_manager_lib.3a1fbbbh-cgu.12.rcgu.o.rcgu.o:(.bss._RNvNvNvXs2_NtNtNtCsbDqzXfLQacH_21component_manager_lib5model6events14source_factoryNtB9_30EVENT_SOURCE_SYNC_SERVICE_PATHNtNtNtCs6QHBvYLDz7W_4core3ops5deref5Deref5deref11___stability4LAZY.llvm.16599889146946869799)
          225d00           225d00        0     1                 $d.348
          225d00           225d00       38     1                 _RNvNvNvXs2_NtNtNtCsbDqzXfLQacH_21component_manager_lib5model6events14source_factoryNtB9_30EVENT_SOURCE_SYNC_SERVICE_PATHNtNtNtCs6QHBvYLDz7W_4core3ops5deref5Deref5deref11___stability4LAZY.llvm.16599889146946869799
          2262ac           2262ac        8     4         /tmp/rustcL27BaP/libunwind-e14dabfa3d8ce62b.rlib(libunwind.o):(.bss._ZN9libunwind13DwarfFDECacheINS_17LocalAddressSpaceEE5_lockE)
          2262ac           2262ac        0     1                 $d.59
          2262ac           2262ac        8     1                 libunwind::DwarfFDECache<libunwind::LocalAddressSpace>::_lock
          2262b8           2262b8      800     8         /tmp/rustcL27BaP/libunwind-e14dabfa3d8ce62b.rlib(libunwind.o):(.bss._ZN9libunwind13DwarfFDECacheINS_17LocalAddressSpaceEE14_initialBufferE)
          2262b8           2262b8        0     1                 $d.62
          2262b8           2262b8      800     1                 libunwind::DwarfFDECache<libunwind::LocalAddressSpace>::_initialBuffer
          226ab8           226ab8        d     4         /tmp/rustcL27BaP/libunwind-e14dabfa3d8ce62b.rlib(libunwind.o):(.bss..L_MergedGlobals)
          226ab8           226ab8        0     1                 $d.65
          226ab8           226ab8        1     1                 logAPIs::checked
          226abc           226abc        1     1                 logAPIs::log
          226abd           226abd        1     1                 logUnwinding::checked
          226ac0           226ac0        1     1                 logUnwinding::log
          226ac1           226ac1        1     1                 logDWARF::checked
          226ac4           226ac4        1     1                 logDWARF::log
               0                0   48c441     1 .debug_loc
               0                0       39     1         /usr/local/google/home/yifeit/vg/out/default.zircon/user-arm64-clang.shlib/obj/system/ulib/c/crt1.Scrt1.cc.o:(.debug_loc)
               0                0        0     1                 $d.1
              39               39     6d97     1         ./exe.unstripped/component_manager.alloc-54127f36ba192482.alloc.4k1iwrm2-cgu.0.rcgu.o.rcgu.o:(.debug_loc)
              39               39        0     1                 $d.63
            6dd0             6dd0     280c     1         ./exe.unstripped/component_manager.backtrace-5619ad41e613872b.backtrace.e1f4vorm-cgu.0.rcgu.o.rcgu.o:(.debug_loc)
            6dd0             6dd0        0     1                 $d.41
